// Jest Snapshot v1, https://goo.gl/fbAQLP

exports[`renders correctly Should renders correctly app component 1`] = `
Object {
  "name": "Alexandre",
}
`;
